2025-09-01 14:33:00 | INFO | repo=pv243-a4m36jee-2016-clustering-seminar | action=pull
2025-02-05 13:02:00 | DEBUG | repo=pv243-a4m36jee-2016-clustering-seminar | action=commit
2025-06-18 20:59:00 | WARN | repo=pv243-a4m36jee-2016-clustering-seminar | action=edit | files=5
2025-12-05 10:13:00 | WARN | repo=pv243-a4m36jee-2016-clustering-seminar | action=commit
2025-11-15 07:12:00 | WARN | repo=pv243-a4m36jee-2016-clustering-seminar | action=commit
2025-01-26 15:22:00 | WARN | repo=pv243-a4m36jee-2016-clustering-seminar | action=commit
2025-02-28 12:08:00 | WARN | repo=pv243-a4m36jee-2016-clustering-seminar | action=pull
2025-05-17 21:39:00 | DEBUG | repo=pv243-a4m36jee-2016-clustering-seminar | action=commit
2025-02-13 12:33:00 | INFO | repo=pv243-a4m36jee-2016-clustering-seminar | action=commit
2025-05-27 09:28:00 | WARN | repo=pv243-a4m36jee-2016-clustering-seminar | action=commit
2025-08-12 13:47:00 | WARN | repo=pv243-a4m36jee-2016-clustering-seminar | action=commit
2025-06-19 20:21:00 | DEBUG | repo=pv243-a4m36jee-2016-clustering-seminar | action=commit
2025-04-17 13:43:00 | DEBUG | repo=pv243-a4m36jee-2016-clustering-seminar | action=commit
2025-06-24 18:16:00 | INFO | repo=pv243-a4m36jee-2016-clustering-seminar | action=commit
2025-02-06 09:59:00 | INFO | repo=pv243-a4m36jee-2016-clustering-seminar | action=commit
2025-03-22 08:14:00 | DEBUG | repo=pv243-a4m36jee-2016-clustering-seminar | action=commit
2025-06-06 13:46:00 | WARN | repo=pv243-a4m36jee-2016-clustering-seminar | action=test | passed=true
2025-07-28 19:04:00 | WARN | repo=pv243-a4m36jee-2016-clustering-seminar | action=commit
2025-02-03 21:40:00 | INFO | repo=pv243-a4m36jee-2016-clustering-seminar | action=commit
2025-06-16 11:09:00 | DEBUG | repo=pv243-a4m36jee-2016-clustering-seminar | action=commit
2025-02-21 07:42:00 | WARN | repo=pv243-a4m36jee-2016-clustering-seminar | action=commit
2025-06-14 20:20:00 | WARN | repo=pv243-a4m36jee-2016-clustering-seminar | action=commit
2025-08-15 21:45:00 | INFO | repo=pv243-a4m36jee-2016-clustering-seminar | action=commit
2025-12-04 14:19:00 | WARN | repo=pv243-a4m36jee-2016-clustering-seminar | action=commit
2025-02-01 13:26:00 | DEBUG | repo=pv243-a4m36jee-2016-clustering-seminar | action=test | passed=true
2025-10-05 07:19:00 | INFO | repo=pv243-a4m36jee-2016-clustering-seminar | action=edit | files=3
2025-12-12 12:05:00 | WARN | repo=pv243-a4m36jee-2016-clustering-seminar | action=commit
2025-03-21 20:00:00 | WARN | repo=pv243-a4m36jee-2016-clustering-seminar | action=commit
2025-04-21 13:34:00 | INFO | repo=pv243-a4m36jee-2016-clustering-seminar | action=commit
